// Jest Snapshot v1, https://goo.gl/fbAQLP

exports[`With React Testing Library Snapshot Should match Snapshot 1`] = `
<DocumentFragment>
  <header
    class="MuiPaper-root MuiPaper-elevation4 MuiAppBar-root MuiAppBar-positionStatic MuiAppBar-colorPrimary"
  >
    <div
      class="MuiToolbar-root MuiToolbar-regular MuiToolbar-gutters sc-bdVaJa gdvdOJ"
    >
      <div>
        <button
          aria-label="Menu"
          class="MuiButtonBase-root MuiIconButton-root MuiIconButton-colorInherit"
          tabindex="0"
          type="button"
        >
          <span
            class="MuiIconButton-label"
          >
            <svg
              aria-hidden="true"
              class="MuiSvgIcon-root"
              focusable="false"
              role="presentation"
              viewBox="0 0 24 24"
            >
              <path
                d="M0 0h24v24H0z"
                fill="none"
              />
              <path
                d="M3 18h18v-2H3v2zm0-5h18v-2H3v2zm0-7v2h18V6H3z"
              />
            </svg>
          </span>
          <span
            class="MuiTouchRipple-root"
          />
        </button>
      </div>
      <div>
        <button
          class="MuiButtonBase-root MuiButton-root MuiButton-text MuiButton-colorInherit"
          tabindex="0"
          type="button"
        >
          <span
            class="MuiButton-label"
          >
            Login
          </span>
          <span
            class="MuiTouchRipple-root"
          />
        </button>
        <button
          class="MuiButtonBase-root MuiButton-root MuiButton-text MuiButton-colorInherit"
          tabindex="0"
          type="button"
        >
          <span
            class="MuiButton-label"
          >
            Signup
          </span>
          <span
            class="MuiTouchRipple-root"
          />
        </button>
      </div>
    </div>
  </header>
  <div>
    <h1
      class="pages__Title-sc-6ucdmv-0 ixxnbT"
    >
      Styled component
    </h1>
    <ul>
      <li>
        <a
          href="/disputes/credit-report"
        >
          Credit Report
        </a>
      </li>
      <li>
        <a
          href="/disputes/general"
        >
          General Dispute
        </a>
      </li>
      <li>
        <a
          href="/disputes/tax/a"
        >
          Tax Offset Disputes - 
          <strong>
            Type A
          </strong>
        </a>
      </li>
      <li>
        <a
          href="/disputes/tax/b"
        >
          Tax Offset Disputes - 
          <strong>
            Type B
          </strong>
        </a>
      </li>
      <li>
        <a
          href="/disputes/tax/c"
        >
          Tax Offset Disputes - 
          <strong>
            Type C
          </strong>
        </a>
      </li>
      <li>
        <a
          href="/disputes/tax/d"
        >
          Tax Offset Disputes - 
          <strong>
            Type D
          </strong>
        </a>
      </li>
      <li>
        <a
          href="/disputes/tax/e"
        >
          Tax Offset Disputes - 
          <strong>
            Type E
          </strong>
        </a>
      </li>
      <li>
        <a
          href="/disputes/wage/a"
        >
          Wage Garnishment Dispute - 
          <strong>
            Type A
          </strong>
        </a>
      </li>
      <li>
        <a
          href="/disputes/wage/b"
        >
          Wage Garnishment Dispute - 
          <strong>
            Type B
          </strong>
        </a>
      </li>
      <li>
        <a
          href="/disputes/wage/c"
        >
          Wage Garnishment Dispute - 
          <strong>
            Type C
          </strong>
        </a>
      </li>
      <li>
        <a
          href="/disputes/wage/d"
        >
          Wage Garnishment Dispute - 
          <strong>
            Type D
          </strong>
        </a>
      </li>
      <li>
        <a
          href="/disputes/wage/e"
        >
          Wage Garnishment Dispute - 
          <strong>
            Type E
          </strong>
        </a>
      </li>
      <li>
        <a
          href="/disputes/private-student-loan"
        >
          Private Student Loan
        </a>
      </li>
    </ul>
  </div>
</DocumentFragment>
`;
