// Jest Snapshot v1, https://goo.gl/fbAQLP

exports[`index page snapshot should match snapshot 1`] = `
<DocumentFragment>
  <header
    class="MuiPaper-root-115 MuiPaper-elevation4-121 MuiAppBar-root-106 MuiAppBar-positionStatic-110 MuiAppBar-colorPrimary-113"
  >
    <div
      class="MuiToolbar-root-142 MuiToolbar-regular-144 MuiToolbar-gutters-143 sc-bdVaJa gdvdOJ"
    >
      <div>
        <button
          aria-label="Menu"
          class="MuiButtonBase-root-152 MuiIconButton-root-146 MuiIconButton-colorInherit-147"
          tabindex="0"
          type="button"
        >
          <span
            class="MuiIconButton-label-151"
          >
            <svg
              aria-hidden="true"
              class="MuiSvgIcon-root-155"
              focusable="false"
              role="presentation"
              viewBox="0 0 24 24"
            >
              <path
                d="M0 0h24v24H0z"
                fill="none"
              />
              <path
                d="M3 18h18v-2H3v2zm0-5h18v-2H3v2zm0-7v2h18V6H3z"
              />
            </svg>
          </span>
          <span
            class="MuiTouchRipple-root-204"
          />
        </button>
      </div>
      <div>
        <button
          class="MuiButtonBase-root-152 MuiButton-root-178 MuiButton-text-180 MuiButton-flat-183 MuiButton-colorInherit-199"
          tabindex="0"
          type="button"
        >
          <span
            class="MuiButton-label-179"
          >
            Login
          </span>
          <span
            class="MuiTouchRipple-root-204"
          />
        </button>
        <button
          class="MuiButtonBase-root-152 MuiButton-root-178 MuiButton-text-180 MuiButton-flat-183 MuiButton-colorInherit-199"
          tabindex="0"
          type="button"
        >
          <span
            class="MuiButton-label-179"
          >
            Signup
          </span>
          <span
            class="MuiTouchRipple-root-204"
          />
        </button>
      </div>
    </div>
  </header>
  <div>
    <h1
      class="pages__Title-sc-6ucdmv-0 ixxnbT"
    >
      Styled component
    </h1>
    <ul>
      <li>
        <a
          href="/disputes/credit-report"
        >
          Credit Report
        </a>
      </li>
      <li>
        <a
          href="/disputes/general"
        >
          General Dispute
        </a>
      </li>
      <li>
        <a
          href="/disputes/tax/a"
        >
          Tax Offset Disputes - 
          <strong>
            Type A
          </strong>
        </a>
      </li>
      <li>
        <a
          href="/disputes/tax/b"
        >
          Tax Offset Disputes - 
          <strong>
            Type B
          </strong>
        </a>
      </li>
      <li>
        <a
          href="/disputes/tax/c"
        >
          Tax Offset Disputes - 
          <strong>
            Type C
          </strong>
        </a>
      </li>
      <li>
        <a
          href="/disputes/tax/d"
        >
          Tax Offset Disputes - 
          <strong>
            Type D
          </strong>
        </a>
      </li>
      <li>
        <a
          href="/disputes/tax/e"
        >
          Tax Offset Disputes - 
          <strong>
            Type E
          </strong>
        </a>
      </li>
      <li>
        <a
          href="/disputes/wage/a"
        >
          Wage Garnishment Dispute - 
          <strong>
            Type A
          </strong>
        </a>
      </li>
      <li>
        <a
          href="/disputes/wage/b"
        >
          Wage Garnishment Dispute - 
          <strong>
            Type B
          </strong>
        </a>
      </li>
      <li>
        <a
          href="/disputes/wage/c"
        >
          Wage Garnishment Dispute - 
          <strong>
            Type C
          </strong>
        </a>
      </li>
      <li>
        <a
          href="/disputes/wage/d"
        >
          Wage Garnishment Dispute - 
          <strong>
            Type D
          </strong>
        </a>
      </li>
      <li>
        <a
          href="/disputes/wage/e"
        >
          Wage Garnishment Dispute - 
          <strong>
            Type E
          </strong>
        </a>
      </li>
      <li>
        <a
          href="/disputes/private-student-loan"
        >
          Private Student Loan
        </a>
      </li>
    </ul>
  </div>
</DocumentFragment>
`;
